
2D Heat PDE test problem:
 --------------------------------- 
  nprocs         = 4
  npx            = 2
  npy            = 2
 --------------------------------- 
  kx             = 1
  ky             = 1
  forcing        = 1
  tf             = 1
  xu             = 1
  yu             = 1
  nx             = 64
  ny             = 64
  nxl (proc 0)   = 32
  nyl (proc 0)   = 32
  dx             = 0.015873
  dy             = 0.015873
 --------------------------------- 
  rtol           = 1e-05
  atol           = 1e-10
  order          = 3
  fixed h        = 0
  controller     = I
  linear         = 1
 --------------------------------- 
  linear solver  = PCG
  lin iters      = 10
  matvec         = 0
  eps lin        = 0
  prec           = 1
  msbp           = 0
  pfmg_relax     = 2
  pfmg_nrelax    = 2
 --------------------------------- 
  output         = 1
 --------------------------------- 

          t                     ||u||_rms                max error      
 -----------------------------------------------------------------------
 0.000000000000000e+00    3.691406249999997e-01    0.000000000000000e+00
 5.000000000000000e-02    3.602986319430955e-01    5.774417504528229e-04
 1.000000000000000e-01    3.341368530125866e-01    6.828786546767551e-04
 1.500000000000000e-01    2.933115381452943e-01    6.834466303151654e-04
 2.000000000000000e-01    2.418304058995767e-01    5.956825857820203e-04
 2.500000000000000e-01    1.847580507433077e-01    4.904854652627022e-04
 3.000000000000000e-01    1.276800467705918e-01    3.730421654866145e-04
 3.500000000000000e-01    7.618633579790621e-02    2.614494024964498e-04
 4.000000000000000e-01    3.531279890620603e-02    1.536555967570352e-04
 4.500000000000000e-01    9.065923241229215e-03    7.497504746584172e-05
 4.999999999999999e-01    1.353785948332413e-05    2.797949603193983e-05
 5.499999999999999e-01    9.040670742037330e-03    1.812866909884150e-05
 6.000000000000000e-01    3.526610376185800e-02    4.911503313233256e-05
 6.500000000000000e-01    7.612132030526156e-02    1.154672957782155e-04
 7.000000000000001e-01    1.276079503459252e-01    2.129192827687310e-04
 7.500000000000001e-01    1.846845285845747e-01    3.276113700524941e-04
 8.000000000000002e-01    2.417645101906856e-01    4.496969908296400e-04
 8.500000000000002e-01    2.932638337588849e-01    5.762192789755538e-04
 9.000000000000002e-01    3.341365952949009e-01    6.818334376427204e-04
 9.500000000000003e-01    3.603849071167315e-01    7.643953361512468e-04
 1.000000000000000e+00    3.694337662730702e-01    8.004826136436272e-04
 -----------------------------------------------------------------------

Final integrator statistics:
  Steps            = 72
  Step attempts    = 75
  Error test fails = 3
  RHS evals        = 603
  NLS iters        = 300
  NLS fails        = 0
  LS iters         = 1719
  LS fails         = 0
  LS setups        = 72
  LS RHS evals     = 1719
  Jv products      = 1719

  Avg NLS iters per step attempt = 4.000000
  Avg LS iters per NLS iter      = 5.730000

  Preconditioner setups = 72
  Preconditioner solves = 1719
  PFMG iters            = 1719

  Max error = 8.004826136436272e-04
