
Conserved Exponential Entropy problem:
   method     = DIRK
   reltol     = 1.0e-06
   abstol     = 1.0e-10
   relaxation = ON

 step   t              u              v              e              delta e
 -------------------------------------------------------------------------------
    0   0.000000e+00   1.000000e+00   5.000000e-01   4.367003e+00   0.000000e+00
   40   6.613070e-02   8.809677e-01   6.697605e-01   4.367003e+00   1.421085e-14
   80   1.362437e-01   7.323145e-01   8.272908e-01   4.367003e+00   2.930989e-14
  120   2.054056e-01   5.628527e-01   9.598594e-01   4.367003e+00   3.730349e-14
  160   2.698432e-01   3.852679e-01   1.063674e+00   4.367003e+00   4.618528e-14
  200   3.251649e-01   2.186659e-01   1.138662e+00   4.367003e+00   4.618528e-14
  240   3.665327e-01   8.625431e-02   1.186904e+00   4.367003e+00   4.440892e-14
  280   3.894092e-01   1.037086e-02   1.210922e+00   4.367003e+00   4.618528e-14
  320   3.956286e-01  -1.057034e-02   1.217141e+00   4.367003e+00   4.796163e-14
  360   4.172021e-01  -8.419951e-02   1.237723e+00   4.367003e+00   4.174439e-14
  400   4.627581e-01  -2.444281e-01   1.276438e+00   4.367003e+00   4.884981e-14
  440   5.389995e-01  -5.252538e-01   1.328559e+00   4.367003e+00   7.993606e-14
  480   6.594993e-01  -9.944704e-01   1.385565e+00   4.367003e+00   8.082424e-14
  520   8.566203e-01  -1.805170e+00   1.435693e+00   4.367003e+00   7.638334e-14
  560   1.254219e+00  -3.509970e+00   1.467207e+00   4.367003e+00   7.460699e-14
 -------------------------------------------------------------------------------

Final Solver Statistics:
   Internal solver steps = 599 (attempted = 621)
   Total number of error test failures = 7
   Total RHS evals:  Fe = 0,  Fi = 5858
   Total number of Newton iterations = 4015
   Total number of linear solver convergence failures = 289
   Total linear solver setups = 331
   Total number of Jacobian evaluations = 306
   Total RHS evals for setting up the linear system = 0
   Total Relaxation Fn evals    = 2087
   Total Relaxation Jac evals   = 2708
   Total Relaxation fails       = 15
   Total Relaxation bound fails = 15
   Total Relaxation NLS fails   = 0
   Total Relaxation NLS iters   = 845

