
2D Heat PDE test problem:
 --------------------------------- 
  nprocs         = 4
  npx            = 2
  npy            = 2
 --------------------------------- 
  kx             = 1
  ky             = 1
  forcing        = 1
  tf             = 1
  xu             = 1
  yu             = 1
  nx             = 64
  ny             = 64
  nxl (proc 0)   = 32
  nyl (proc 0)   = 32
  dx             = 0.015873
  dy             = 0.015873
 --------------------------------- 
  rtol           = 1e-05
  atol           = 1e-10
  order          = 3
  fixed h        = 0
  controller     = I
  linear         = 1
 --------------------------------- 
  linear solver  = PCG
  lin iters      = 10
  eps lin        = 0
  prec           = 1
  msbp           = 0
  pfmg_relax     = 2
  pfmg_nrelax    = 2
 --------------------------------- 
  output         = 1
 --------------------------------- 

          t                     ||u||_rms                max error      
 -----------------------------------------------------------------------
 0.000000000000000e+00    3.691406249999997e-01    0.000000000000000e+00
 5.000000000000000e-02    3.602986319515670e-01    5.774417377801822e-04
 1.000000000000000e-01    3.341368530141094e-01    6.828785377827051e-04
 1.500000000000000e-01    2.933115381502900e-01    6.834465932455958e-04
 2.000000000000000e-01    2.418304059015225e-01    5.956824900471558e-04
 2.500000000000000e-01    1.847580507423076e-01    4.904854280158855e-04
 3.000000000000000e-01    1.276800467719076e-01    3.730420783696342e-04
 3.500000000000000e-01    7.618633579943962e-02    2.614494043903237e-04
 4.000000000000000e-01    3.531279890667706e-02    1.536555802696127e-04
 4.500000000000000e-01    9.065923238325309e-03    7.497502459160796e-05
 4.999999999999999e-01    1.353785913539709e-05    2.797949497497271e-05
 5.499999999999999e-01    9.040670739921862e-03    1.812865242756950e-05
 6.000000000000000e-01    3.526610376743395e-02    4.911501140725250e-05
 6.500000000000000e-01    7.612132032625567e-02    1.154673176299026e-04
 7.000000000000001e-01    1.276079503121791e-01    2.129191472660663e-04
 7.500000000000001e-01    1.846845286344403e-01    3.276114734483970e-04
 8.000000000000002e-01    2.417645102530888e-01    4.496971047737164e-04
 8.500000000000002e-01    2.932638338225594e-01    5.762194356195849e-04
 9.000000000000002e-01    3.341365951895025e-01    6.818331433341429e-04
 9.500000000000003e-01    3.603849071331731e-01    7.643953647992197e-04
 1.000000000000000e+00    3.694337662741972e-01    8.004826062227854e-04
 -----------------------------------------------------------------------

Final integrator statistics:
  Steps            = 72
  Step attempts    = 75
  Error test fails = 3
  RHS evals        = 603
  NLS iters        = 300
  NLS fails        = 0
  LS iters         = 1969
  LS fails         = 0
  LS setups        = 72
  J evals          = 4

  Avg NLS iters per step attempt = 4.000000
  Avg LS iters per NLS iter      = 6.563333

  Max error = 8.004826062227854e-04
