
2D Heat PDE test problem:
 --------------------------------- 
  nprocs         = 4
  npx            = 2
  npy            = 2
 --------------------------------- 
  kx             = 1
  ky             = 1
  forcing        = 1
  tf             = 1
  xu             = 1
  yu             = 1
  nx             = 64
  ny             = 64
  nxl (proc 0)   = 32
  nyl (proc 0)   = 32
  dx             = 0.015873
  dy             = 0.015873
 --------------------------------- 
  rtol           = 1e-05
  atol           = 1e-10
 --------------------------------- 
  linear solver  = PCG
  lin iters      = 10
  eps lin        = 0
  prec           = 1
  msbp           = 0
  pfmg_relax     = 2
  pfmg_nrelax    = 2
 --------------------------------- 
  output         = 1
 --------------------------------- 

          t                     ||u||_rms                max error      
 -----------------------------------------------------------------------
 0.000000000000000e+00    3.691406249999997e-01    0.000000000000000e+00
 5.000000000000000e-02    3.603055518800799e-01    5.963840619070959e-04
 1.000000000000000e-01    3.341441424620969e-01    7.025778158963325e-04
 1.500000000000000e-01    2.933130334981860e-01    6.875401429230488e-04
 2.000000000000000e-01    2.418362927676233e-01    6.116639653662714e-04
 2.500000000000000e-01    1.847625453317754e-01    5.027718887523625e-04
 3.000000000000000e-01    1.276816623015006e-01    3.781074013806118e-04
 3.500000000000000e-01    7.618596890943828e-02    2.609835413302786e-04
 4.000000000000000e-01    3.531363328801721e-02    1.561203384836951e-04
 4.500000000000000e-01    9.066155382427452e-03    7.564948803655963e-05
 4.999999999999999e-01    1.349906863260045e-05    2.789662251752786e-05
 5.499999999999999e-01    9.040566177153620e-03    1.785151899900972e-05
 6.000000000000000e-01    3.526524138114981e-02    4.675396873200788e-05
 6.500000000000000e-01    7.612020267074820e-02    1.122853975108751e-04
 7.000000000000001e-01    1.276054684016689e-01    2.060591339039797e-04
 7.500000000000001e-01    1.846819738846223e-01    3.206057758209924e-04
 8.000000000000002e-01    2.417625152895587e-01    4.442738243186639e-04
 8.500000000000002e-01    2.932595396092444e-01    5.646838873855087e-04
 9.000000000000002e-01    3.341317866848381e-01    6.691020490201538e-04
 9.500000000000003e-01    3.603789939144922e-01    7.489403233920111e-04
 1.000000000000000e+00    3.694319991641221e-01    7.966520805342547e-04
 -----------------------------------------------------------------------

Final integrator statistics:
  Steps            = 93
  Error test fails = 6
  RHS evals        = 127
  NLS iters        = 124
  NLS fails        = 0
  LS iters         = 315
  LS fails         = 0
  LS setups        = 24
  J evals          = 2

  Avg NLS iters per step    = 1.333333
  Avg LS iters per NLS iter = 2.540323

  Max error = 7.966520805342547e-04
