 
3-species kinetics problem

At t = 2.6391e-01      y =  9.899653e-01    3.470564e-05    1.000000e-02
    rootsfound[] =   0   1
At t = 4.0000e-01      y =  9.851641e-01    3.386242e-05    1.480205e-02
At t = 4.0000e+00      y =  9.055097e-01    2.240338e-05    9.446793e-02
At t = 4.0000e+01      y =  7.158016e-01    9.185043e-06    2.841892e-01
At t = 4.0000e+02      y =  4.505209e-01    3.222826e-06    5.494759e-01
At t = 4.0000e+03      y =  1.832198e-01    8.943575e-07    8.167793e-01
At t = 4.0000e+04      y =  3.898013e-02    1.621574e-07    9.610197e-01
At t = 4.0000e+05      y =  4.940017e-03    1.985711e-08    9.950600e-01
At t = 4.0000e+06      y =  5.164494e-04    2.066849e-09    9.994835e-01
At t = 2.0791e+07      y =  1.000000e-04    4.000396e-10    9.999000e-01
    rootsfound[] =  -1   0
At t = 4.0000e+07      y =  5.201740e-05    2.080803e-10    9.999480e-01
At t = 4.0000e+08      y =  5.203868e-06    2.081558e-11    9.999948e-01
At t = 4.0000e+09      y =  5.190466e-07    2.076187e-12    9.999995e-01
At t = 4.0000e+10      y =  6.015798e-08    2.406319e-13    9.999999e-01

Final Statistics:
nst = 508    nfe = 730    nsetups = 105    nje = 11
nni = 727    nnf = 5      netf = 21        ncfn = 0      nge = 539
nfeLS = 33    

