
1D FEM Brusselator PDE test problem:
    N = 201,  NEQ = 603
    problem parameters:  a = 0.6,  b = 2,  ep = 1e-05
    diffusion coefficients:  du = 0.025,  dv = 0.025,  dw = 0.025
    reltol = 1.0e-06,  abstol = 1.0e-10

        t      ||u||_rms   ||v||_rms   ||w||_rms
   ----------------------------------------------
    0.100000    0.637853    3.356027    1.999989
    0.200000    0.643000    3.345821    1.999987
    0.300000    0.648492    3.334946    1.999988
    0.400000    0.654319    3.323434    1.999988
    0.500000    0.660496    3.311262    1.999988
    0.600000    0.667044    3.298405    1.999989
    0.700000    0.673947    3.284903    1.999989
    0.800000    0.681249    3.270677    1.999988
    0.900000    0.688992    3.255653    1.999988
    1.000000    0.697149    3.239881    1.999988
    1.100000    0.705682    3.223423    1.999987
    1.200000    0.714626    3.206187    1.999989
    1.300000    0.723906    3.188274    1.999989
    1.400000    0.733473    3.169716    1.999987
    1.500000    0.743227    3.150607    1.999987
    1.600000    0.753047    3.131058    1.999986
    1.700000    0.762723    3.111319    1.999987
    1.800000    0.772052    3.091605    1.999987
    1.900000    0.780947    3.071839    1.999985
    2.000000    0.789108    3.052370    1.999984
    2.100000    0.796297    3.033390    1.999986
    2.200000    0.802204    3.015295    1.999986
    2.300000    0.806592    2.998367    1.999986
    2.400000    0.809279    2.982761    1.999986
    2.500000    0.810077    2.968781    1.999986
    2.600000    0.808877    2.956684    1.999986
    2.700000    0.805642    2.946659    1.999985
    2.799999    0.800431    2.938873    1.999986
    2.899999    0.793284    2.933340    1.999987
    2.999999    0.784371    2.930145    1.999985
    3.099999    0.773951    2.929278    1.999986
    3.199999    0.762186    2.930665    1.999986
    3.299999    0.749387    2.934197    1.999987
    3.399999    0.735656    2.939805    1.999987
    3.499999    0.721358    2.947310    1.999987
    3.599999    0.706754    2.956533    1.999988
    3.699999    0.692037    2.967311    1.999987
    3.799999    0.677443    2.979445    1.999988
    3.899998    0.663158    2.992739    1.999989
    3.999998    0.649340    3.007003    1.999990
    4.099998    0.636120    3.022054    1.999989
    4.199998    0.623599    3.037719    1.999990
    4.299998    0.611916    3.053739    1.999988
    4.399998    0.600980    3.070160    1.999989
    4.499998    0.590942    3.086660    1.999990
    4.599998    0.581695    3.103310    1.999989
    4.699998    0.573288    3.119915    1.999992
    4.799998    0.565727    3.136313    1.999991
    4.899998    0.558909    3.152582    1.999990
    4.999998    0.552830    3.168587    1.999991
    5.099998    0.547461    3.184224    1.999989
    5.199997    0.542757    3.199425    1.999990
    5.299997    0.538608    3.214355    1.999991
    5.399997    0.534993    3.228925    1.999989
    5.499997    0.531875    3.243080    1.999991
    5.599997    0.529215    3.256774    1.999991
    5.699997    0.526964    3.270021    1.999991
    5.799997    0.525073    3.282895    1.999988
    5.899997    0.523520    3.295288    1.999990
    5.999997    0.522268    3.307218    1.999991
    6.099997    0.521275    3.318815    1.999990
    6.199996    0.520524    3.329990    1.999990
    6.299996    0.519991    3.340749    1.999990
    6.399996    0.519654    3.351105    1.999992
    6.499996    0.519493    3.361057    1.999990
    6.599996    0.519491    3.370540    1.999991
    6.699996    0.519630    3.379656    1.999993
    6.799996    0.519899    3.388448    1.999991
    6.899996    0.520287    3.396861    1.999990
    6.999996    0.520780    3.404877    1.999992
    7.099996    0.521373    3.412556    1.999991
    7.199996    0.522055    3.419866    1.999991
    7.299995    0.522819    3.426817    1.999990
    7.399995    0.523654    3.433376    1.999989
    7.499995    0.524559    3.439593    1.999991
    7.599995    0.525522    3.445430    1.999991
    7.699995    0.526561    3.451019    1.999988
    7.799995    0.527653    3.456244    1.999990
    7.899995    0.528808    3.461173    1.999991
    7.999995    0.530012    3.465758    1.999990
    8.099995    0.531271    3.470030    1.999990
    8.199995    0.532578    3.473974    1.999990
    8.299995    0.533934    3.477604    1.999992
    8.399996    0.535334    3.480906    1.999991
    8.499996    0.536783    3.483902    1.999992
    8.599997    0.538288    3.486600    1.999991
    8.699997    0.539841    3.488984    1.999992
    8.799997    0.541430    3.491042    1.999990
    8.899998    0.543068    3.492795    1.999990
    8.999998    0.544765    3.494247    1.999991
    9.099998    0.546513    3.495388    1.999991
    9.199999    0.548302    3.496214    1.999991
    9.299999    0.550146    3.496732    1.999990
    9.400000    0.552043    3.496937    1.999990
    9.500000    0.554008    3.496829    1.999990
    9.600000    0.556020    3.496409    1.999991
    9.700001    0.558103    3.495667    1.999990
    9.800001    0.560252    3.494604    1.999990
    9.900002    0.562475    3.493211    1.999989
   10.000000    0.564763    3.491494    1.999990
   ----------------------------------------------

Final Solver Statistics:
   Internal solver steps = 3337 (attempted = 3338)
   Total RHS evals:  Fe = 0,  Fi = 52113
   Total mass matrix setups = 1
   Total mass matrix solves = 6678
   Total mass times evals = 55447
   Total linear solver setups = 228
   Total number of Jacobian evaluations = 75
   Total number of Newton iterations = 35420
   Total number of nonlinear solver convergence failures = 34
   Total number of error test failures = 1
