 
Accelerating rocket problem

At t = 1.0000e+00      y =  7.642820e+01    1.459864e+02
At t = 2.0000e+00      y =  2.798900e+02    2.557143e+02
At t = 3.0000e+00      y =  5.790100e+02    3.386309e+02
At t = 4.0000e+00      y =  9.506083e+02    4.017257e+02
At t = 5.0000e+00      y =  1.377590e+03    4.501635e+02
At t = 6.0000e+00      y =  1.847320e+03    4.877723e+02
At t = 7.0000e+00      y =  2.350450e+03    5.173956e+02
At t = 8.0000e+00      y =  2.880092e+03    5.411389e+02
At t = 9.0000e+00      y =  3.431176e+03    5.605639e+02
At t = 1.0000e+01      y =  4.000034e+03    5.768140e+02
    rootsfound[] =  -1   1
At t = 1.1000e+01      y =  4.483865e+03    3.996644e+02
At t = 1.2000e+01      y =  4.814521e+03    2.684678e+02
At t = 1.3000e+01      y =  5.031848e+03    1.712698e+02
At t = 1.4000e+01      y =  5.165232e+03    9.925452e+01
At t = 1.5000e+01      y =  5.236403e+03    4.590332e+01
At t = 1.6000e+01      y =  5.261500e+03    6.374180e+00
At t = 1.6194e+01      y =  5.262109e+03   -3.162622e-03
    rootsfound[] =  -1
At t = 1.7000e+01      y =  5.252505e+03   -2.292713e+01
At t = 1.8000e+01      y =  5.218201e+03   -4.463574e+01
At t = 1.9000e+01      y =  5.165133e+03   -6.071535e+01
At t = 2.0000e+01      y =  5.098179e+03   -7.262937e+01
At t = 2.1000e+01      y =  5.020969e+03   -8.146619e+01
At t = 2.2000e+01      y =  4.936168e+03   -8.802602e+01
At t = 2.3000e+01      y =  4.845714e+03   -9.288969e+01
At t = 2.4000e+01      y =  4.750987e+03   -9.647165e+01
At t = 2.5000e+01      y =  4.653107e+03   -9.910792e+01
At t = 2.6000e+01      y =  4.552940e+03   -1.010577e+02
At t = 2.7000e+01      y =  4.451104e+03   -1.025070e+02
At t = 2.8000e+01      y =  4.348035e+03   -1.035861e+02
At t = 2.9000e+01      y =  4.244038e+03   -1.043869e+02
At t = 3.0000e+01      y =  4.139339e+03   -1.049773e+02
At t = 3.1000e+01      y =  4.034123e+03   -1.054123e+02
At t = 3.2000e+01      y =  3.928533e+03   -1.057354e+02
At t = 3.3000e+01      y =  3.822670e+03   -1.059764e+02
At t = 3.4000e+01      y =  3.716606e+03   -1.061572e+02
At t = 3.5000e+01      y =  3.610407e+03   -1.062975e+02
At t = 3.6000e+01      y =  3.504083e+03   -1.064005e+02
At t = 3.7000e+01      y =  3.397698e+03   -1.064848e+02
At t = 3.8000e+01      y =  3.291242e+03   -1.065481e+02
At t = 3.9000e+01      y =  3.184714e+03   -1.065898e+02
At t = 4.0000e+01      y =  3.078162e+03   -1.066242e+02
At t = 4.1000e+01      y =  2.971554e+03   -1.066418e+02
At t = 4.2000e+01      y =  2.864931e+03   -1.066549e+02
At t = 4.3000e+01      y =  2.758286e+03   -1.066614e+02
At t = 4.4000e+01      y =  2.651627e+03   -1.066635e+02
At t = 4.5000e+01      y =  2.544962e+03   -1.066640e+02
At t = 4.6000e+01      y =  2.438296e+03   -1.066643e+02
At t = 4.7000e+01      y =  2.331629e+03   -1.066641e+02
At t = 4.8000e+01      y =  2.224963e+03   -1.066644e+02
At t = 4.9000e+01      y =  2.118299e+03   -1.066652e+02
At t = 5.0000e+01      y =  2.011636e+03   -1.066661e+02
At t = 5.1000e+01      y =  1.904972e+03   -1.066671e+02
At t = 5.2000e+01      y =  1.798316e+03   -1.066703e+02
At t = 5.3000e+01      y =  1.691662e+03   -1.066741e+02
At t = 5.4000e+01      y =  1.585007e+03   -1.066774e+02
At t = 5.5000e+01      y =  1.478344e+03   -1.066788e+02
At t = 5.6000e+01      y =  1.371675e+03   -1.066779e+02
At t = 5.7000e+01      y =  1.265008e+03   -1.066779e+02
At t = 5.8000e+01      y =  1.158338e+03   -1.066768e+02
At t = 5.9000e+01      y =  1.051664e+03   -1.066747e+02
At t = 6.0000e+01      y =  9.449899e+02   -1.066724e+02
At t = 6.1000e+01      y =  8.383162e+02   -1.066703e+02
At t = 6.2000e+01      y =  7.316447e+02   -1.066690e+02
At t = 6.3000e+01      y =  6.249727e+02   -1.066674e+02
At t = 6.4000e+01      y =  5.183022e+02   -1.066662e+02
At t = 6.5000e+01      y =  4.116344e+02   -1.066659e+02
At t = 6.6000e+01      y =  3.049647e+02   -1.066650e+02
At t = 6.7000e+01      y =  1.982947e+02   -1.066640e+02
At t = 6.8000e+01      y =  9.162547e+01   -1.066632e+02
At t = 6.9000e+01      y = -1.504253e+01   -1.066628e+02

Final Statistics:
nst = 56     nfe  = 77     nsetups = 13     nfeLS = 0      nje =  2
nni = 74     ncfn = 0      netf = 2      nge = 120
 
